base_node {
  nodes {
    width: 130
    node_info {
      method_name: "run"
      class_name: "com.github.kornilova_l.flamegraph.plugin.server.trees.generate_test_data.MyTask"
      description: "()void"
      count: 2
    }
    nodes {
      width: 30
      node_info {
        method_name: "fun1"
        class_name: "com.github.kornilova_l.flamegraph.plugin.server.trees.generate_test_data.MyTask"
        description: "()void"
        count: 2
      }
      nodes {
        width: 10
        node_info {
          method_name: "fun2"
          class_name: "com.github.kornilova_l.flamegraph.plugin.server.trees.generate_test_data.MyTask"
          description: "()void"
          count: 2
        }
      }
    }
    nodes {
      offset: 30
      width: 30
      node_info {
        method_name: "fun3"
        class_name: "com.github.kornilova_l.flamegraph.plugin.server.trees.generate_test_data.MyTask"
        description: "()void"
        count: 2
      }
      nodes {
        offset: 30
        width: 10
        node_info {
          method_name: "fun4"
          class_name: "com.github.kornilova_l.flamegraph.plugin.server.trees.generate_test_data.MyTask"
          description: "()void"
          count: 2
        }
      }
    }
  }
}
depth: 3
width: 130
