// class version 52.0 (52)
// access flags 0x21
public class com/github/kornilova_l/flamegraph/javaagent/generate/test_classes/SaveSecondParam {


  // access flags 0x1
  public <init>()V
    ALOAD 0
    INVOKESPECIAL java/lang/Object.<init> ()V
    RETURN
    MAXSTACK = 1
    MAXLOCALS = 1

  // access flags 0x0
  noParams()V
    GETSTATIC java/lang/System.out : Ljava/io/PrintStream;
    LDC "Hello, world!"
    INVOKEVIRTUAL java/io/PrintStream.println (Ljava/lang/String;)V
    RETURN
    MAXSTACK = 2
    MAXLOCALS = 1

  // access flags 0x0
  oneParam(J)V
    INVOKESTATIC java/lang/System.currentTimeMillis ()J
    ACONST_NULL
    INVOKESTATIC com/github/kornilova_l/flamegraph/javaagent/logger/LoggerQueue.createStartData (J[Ljava/lang/Object;)Lcom/github/kornilova_l/flamegraph/javaagent/logger/event_data_storage/StartData;
    ASTORE 3
    GETSTATIC java/lang/System.out : Ljava/io/PrintStream;
    LDC "Hello, world!"
    INVOKEVIRTUAL java/io/PrintStream.println (Ljava/lang/String;)V
    ALOAD 3
    INVOKESTATIC java/lang/System.currentTimeMillis ()J
    INVOKEVIRTUAL com/github/kornilova_l/flamegraph/javaagent/logger/event_data_storage/StartData.setDuration (J)V
    ALOAD 3
    INVOKEVIRTUAL com/github/kornilova_l/flamegraph/javaagent/logger/event_data_storage/StartData.getDuration ()J
    LCONST_1
    LCMP
    IFLE L0
    ACONST_NULL
    ALOAD 3
    INVOKESTATIC java/lang/Thread.currentThread ()Ljava/lang/Thread;
    LDC "com/github/kornilova_l/flamegraph/javaagent/generate/test_classes/SaveSecondParam"
    LDC "oneParam"
    LDC "(J)V"
    ICONST_0
    INVOKESTATIC com/github/kornilova_l/flamegraph/javaagent/logger/LoggerQueue.addToQueue (Ljava/lang/Object;Lcom/github/kornilova_l/flamegraph/javaagent/logger/event_data_storage/StartData;Ljava/lang/Thread;Ljava/lang/String;Ljava/lang/String;Ljava/lang/String;Z)V
   L0
   FRAME APPEND [com/github/kornilova_l/flamegraph/javaagent/logger/event_data_storage/StartData]
    RETURN
    MAXSTACK = 7
    MAXLOCALS = 4

  // access flags 0x0
  // signature (JLjava/util/ArrayList<Ljava/lang/String;>;)V
  // declaration: void twoParams(long, java.util.ArrayList<java.lang.String>)
  twoParams(JLjava/util/ArrayList;)V
    INVOKESTATIC java/lang/System.currentTimeMillis ()J
    ICONST_1
    ANEWARRAY java/lang/Object
    DUP
    ICONST_0
    ALOAD 3
    AASTORE
    INVOKESTATIC com/github/kornilova_l/flamegraph/javaagent/logger/LoggerQueue.createStartData (J[Ljava/lang/Object;)Lcom/github/kornilova_l/flamegraph/javaagent/logger/event_data_storage/StartData;
    ASTORE 4
    GETSTATIC java/lang/System.out : Ljava/io/PrintStream;
    LDC "Hello, world!"
    INVOKEVIRTUAL java/io/PrintStream.println (Ljava/lang/String;)V
    ALOAD 4
    INVOKESTATIC java/lang/System.currentTimeMillis ()J
    INVOKEVIRTUAL com/github/kornilova_l/flamegraph/javaagent/logger/event_data_storage/StartData.setDuration (J)V
    ALOAD 4
    INVOKEVIRTUAL com/github/kornilova_l/flamegraph/javaagent/logger/event_data_storage/StartData.getDuration ()J
    LCONST_1
    LCMP
    IFLE L0
    ACONST_NULL
    ALOAD 4
    INVOKESTATIC java/lang/Thread.currentThread ()Ljava/lang/Thread;
    LDC "com/github/kornilova_l/flamegraph/javaagent/generate/test_classes/SaveSecondParam"
    LDC "twoParams"
    LDC "(JLjava/util/ArrayList;)V"
    ICONST_0
    INVOKESTATIC com/github/kornilova_l/flamegraph/javaagent/logger/LoggerQueue.addToQueue (Ljava/lang/Object;Lcom/github/kornilova_l/flamegraph/javaagent/logger/event_data_storage/StartData;Ljava/lang/Thread;Ljava/lang/String;Ljava/lang/String;Ljava/lang/String;Z)V
   L0
   FRAME APPEND [com/github/kornilova_l/flamegraph/javaagent/logger/event_data_storage/StartData]
    RETURN
    MAXSTACK = 7
    MAXLOCALS = 5

  // access flags 0x8
  static threeParams(JJLjava/lang/String;)V
    INVOKESTATIC java/lang/System.currentTimeMillis ()J
    ICONST_2
    ANEWARRAY java/lang/Object
    DUP
    ICONST_0
    LLOAD 2
    INVOKESTATIC java/lang/Long.valueOf (J)Ljava/lang/Long;
    AASTORE
    DUP
    ICONST_1
    ALOAD 4
    AASTORE
    INVOKESTATIC com/github/kornilova_l/flamegraph/javaagent/logger/LoggerQueue.createStartData (J[Ljava/lang/Object;)Lcom/github/kornilova_l/flamegraph/javaagent/logger/event_data_storage/StartData;
    ASTORE 5
    GETSTATIC java/lang/System.out : Ljava/io/PrintStream;
    LDC "Hello, world!"
    INVOKEVIRTUAL java/io/PrintStream.println (Ljava/lang/String;)V
    ALOAD 5
    INVOKESTATIC java/lang/System.currentTimeMillis ()J
    INVOKEVIRTUAL com/github/kornilova_l/flamegraph/javaagent/logger/event_data_storage/StartData.setDuration (J)V
    ALOAD 5
    INVOKEVIRTUAL com/github/kornilova_l/flamegraph/javaagent/logger/event_data_storage/StartData.getDuration ()J
    LCONST_1
    LCMP
    IFLE L0
    ACONST_NULL
    ALOAD 5
    INVOKESTATIC java/lang/Thread.currentThread ()Ljava/lang/Thread;
    LDC "com/github/kornilova_l/flamegraph/javaagent/generate/test_classes/SaveSecondParam"
    LDC "threeParams"
    LDC "(JJLjava/lang/String;)V"
    ICONST_1
    INVOKESTATIC com/github/kornilova_l/flamegraph/javaagent/logger/LoggerQueue.addToQueue (Ljava/lang/Object;Lcom/github/kornilova_l/flamegraph/javaagent/logger/event_data_storage/StartData;Ljava/lang/Thread;Ljava/lang/String;Ljava/lang/String;Ljava/lang/String;Z)V
   L0
   FRAME APPEND [com/github/kornilova_l/flamegraph/javaagent/logger/event_data_storage/StartData]
    RETURN
    MAXSTACK = 7
    MAXLOCALS = 6
}
