// class version 52.0 (52)
// access flags 0x21
public class com/github/kornilova_l/flamegraph/javaagent/generate/test_classes/SaveReturnValue {


  // access flags 0x1
  public <init>()V
    ALOAD 0
    INVOKESPECIAL java/lang/Object.<init> ()V
    RETURN
    MAXSTACK = 1
    MAXLOCALS = 1

  // access flags 0x8
  // signature ()Ljava/util/ArrayList<Ljava/lang/String;>;
  // declaration: java.util.ArrayList<java.lang.String> returnGeneric()
  static returnGeneric()Ljava/util/ArrayList;
    TRYCATCHBLOCK L0 L1 L1 java/lang/Throwable
    NEW com/github/kornilova_l/flamegraph/proxy/StartData
    DUP
    INVOKESTATIC java/lang/System.currentTimeMillis ()J
    ACONST_NULL
    INVOKESPECIAL com/github/kornilova_l/flamegraph/proxy/StartData.<init> (J[Ljava/lang/Object;)V
    ASTORE 0
   L0
    GETSTATIC java/lang/System.out : Ljava/io/PrintStream;
    LDC "Hello, world!"
    INVOKEVIRTUAL java/io/PrintStream.println (Ljava/lang/String;)V
    NEW java/util/ArrayList
    DUP
    INVOKESPECIAL java/util/ArrayList.<init> ()V
    ASTORE 1
    ALOAD 1
    ALOAD 0
    INVOKESTATIC java/lang/System.currentTimeMillis ()J
    INVOKEVIRTUAL com/github/kornilova_l/flamegraph/proxy/StartData.setDuration (J)V
    ALOAD 0
    INVOKEVIRTUAL com/github/kornilova_l/flamegraph/proxy/StartData.getDuration ()J
    LCONST_1
    LCMP
    IFLE L2
    DUP
    ALOAD 0
    INVOKEVIRTUAL com/github/kornilova_l/flamegraph/proxy/StartData.getStartTime ()J
    ALOAD 0
    INVOKEVIRTUAL com/github/kornilova_l/flamegraph/proxy/StartData.getDuration ()J
    ALOAD 0
    INVOKEVIRTUAL com/github/kornilova_l/flamegraph/proxy/StartData.getParameters ()[Ljava/lang/Object;
    INVOKESTATIC java/lang/Thread.currentThread ()Ljava/lang/Thread;
    LDC "com/github/kornilova_l/flamegraph/javaagent/generate/test_classes/SaveReturnValue"
    LDC "returnGeneric"
    LDC "()Ljava/util/ArrayList;"
    ICONST_1
    LDC ""
    INVOKESTATIC com/github/kornilova_l/flamegraph/javaagent/logger/LoggerQueue.addToQueue (Ljava/lang/Object;JJ[Ljava/lang/Object;Ljava/lang/Thread;Ljava/lang/String;Ljava/lang/String;Ljava/lang/String;ZLjava/lang/String;)V
   L2
   FRAME FULL [com/github/kornilova_l/flamegraph/proxy/StartData java/util/ArrayList] [java/util/ArrayList]
    ARETURN
   L1
   FRAME FULL [com/github/kornilova_l/flamegraph/proxy/StartData] [java/lang/Throwable]
    ALOAD 0
    INVOKEVIRTUAL com/github/kornilova_l/flamegraph/proxy/StartData.isThrownByMethod ()Z
    IFNE L3
    ALOAD 0
    INVOKESTATIC java/lang/System.currentTimeMillis ()J
    INVOKEVIRTUAL com/github/kornilova_l/flamegraph/proxy/StartData.setDuration (J)V
    ALOAD 0
    INVOKEVIRTUAL com/github/kornilova_l/flamegraph/proxy/StartData.getDuration ()J
    LCONST_1
    LCMP
    IFLE L3
    DUP
    ICONST_1
    ALOAD 0
    INVOKEVIRTUAL com/github/kornilova_l/flamegraph/proxy/StartData.getStartTime ()J
    ALOAD 0
    INVOKEVIRTUAL com/github/kornilova_l/flamegraph/proxy/StartData.getDuration ()J
    ALOAD 0
    INVOKEVIRTUAL com/github/kornilova_l/flamegraph/proxy/StartData.getParameters ()[Ljava/lang/Object;
    INVOKESTATIC java/lang/Thread.currentThread ()Ljava/lang/Thread;
    LDC "com/github/kornilova_l/flamegraph/javaagent/generate/test_classes/SaveReturnValue"
    LDC "returnGeneric"
    LDC "()Ljava/util/ArrayList;"
    ICONST_1
    LDC ""
    INVOKESTATIC com/github/kornilova_l/flamegraph/javaagent/logger/LoggerQueue.addToQueue (Ljava/lang/Throwable;ZJJ[Ljava/lang/Object;Ljava/lang/Thread;Ljava/lang/String;Ljava/lang/String;Ljava/lang/String;ZLjava/lang/String;)V
   L3
   FRAME SAME1 java/lang/Throwable
    ATHROW
    MAXSTACK = 14
    MAXLOCALS = 2

  // access flags 0x0
  returnInt()I
    TRYCATCHBLOCK L0 L1 L1 java/lang/Throwable
    NEW com/github/kornilova_l/flamegraph/proxy/StartData
    DUP
    INVOKESTATIC java/lang/System.currentTimeMillis ()J
    ACONST_NULL
    INVOKESPECIAL com/github/kornilova_l/flamegraph/proxy/StartData.<init> (J[Ljava/lang/Object;)V
    ASTORE 1
   L0
    GETSTATIC java/lang/System.out : Ljava/io/PrintStream;
    LDC "Hello, world!"
    INVOKEVIRTUAL java/io/PrintStream.println (Ljava/lang/String;)V
    BIPUSH 23
    ALOAD 1
    INVOKESTATIC java/lang/System.currentTimeMillis ()J
    INVOKEVIRTUAL com/github/kornilova_l/flamegraph/proxy/StartData.setDuration (J)V
    ALOAD 1
    INVOKEVIRTUAL com/github/kornilova_l/flamegraph/proxy/StartData.getDuration ()J
    LCONST_1
    LCMP
    IFLE L2
    DUP
    INVOKESTATIC java/lang/Integer.valueOf (I)Ljava/lang/Integer;
    ALOAD 1
    INVOKEVIRTUAL com/github/kornilova_l/flamegraph/proxy/StartData.getStartTime ()J
    ALOAD 1
    INVOKEVIRTUAL com/github/kornilova_l/flamegraph/proxy/StartData.getDuration ()J
    ALOAD 1
    INVOKEVIRTUAL com/github/kornilova_l/flamegraph/proxy/StartData.getParameters ()[Ljava/lang/Object;
    INVOKESTATIC java/lang/Thread.currentThread ()Ljava/lang/Thread;
    LDC "com/github/kornilova_l/flamegraph/javaagent/generate/test_classes/SaveReturnValue"
    LDC "returnInt"
    LDC "()I"
    ICONST_0
    LDC ""
    INVOKESTATIC com/github/kornilova_l/flamegraph/javaagent/logger/LoggerQueue.addToQueue (Ljava/lang/Object;JJ[Ljava/lang/Object;Ljava/lang/Thread;Ljava/lang/String;Ljava/lang/String;Ljava/lang/String;ZLjava/lang/String;)V
   L2
   FRAME FULL [com/github/kornilova_l/flamegraph/javaagent/generate/test_classes/SaveReturnValue com/github/kornilova_l/flamegraph/proxy/StartData] [I]
    IRETURN
   L1
   FRAME SAME1 java/lang/Throwable
    ALOAD 1
    INVOKEVIRTUAL com/github/kornilova_l/flamegraph/proxy/StartData.isThrownByMethod ()Z
    IFNE L3
    ALOAD 1
    INVOKESTATIC java/lang/System.currentTimeMillis ()J
    INVOKEVIRTUAL com/github/kornilova_l/flamegraph/proxy/StartData.setDuration (J)V
    ALOAD 1
    INVOKEVIRTUAL com/github/kornilova_l/flamegraph/proxy/StartData.getDuration ()J
    LCONST_1
    LCMP
    IFLE L3
    DUP
    ICONST_1
    ALOAD 1
    INVOKEVIRTUAL com/github/kornilova_l/flamegraph/proxy/StartData.getStartTime ()J
    ALOAD 1
    INVOKEVIRTUAL com/github/kornilova_l/flamegraph/proxy/StartData.getDuration ()J
    ALOAD 1
    INVOKEVIRTUAL com/github/kornilova_l/flamegraph/proxy/StartData.getParameters ()[Ljava/lang/Object;
    INVOKESTATIC java/lang/Thread.currentThread ()Ljava/lang/Thread;
    LDC "com/github/kornilova_l/flamegraph/javaagent/generate/test_classes/SaveReturnValue"
    LDC "returnInt"
    LDC "()I"
    ICONST_0
    LDC ""
    INVOKESTATIC com/github/kornilova_l/flamegraph/javaagent/logger/LoggerQueue.addToQueue (Ljava/lang/Throwable;ZJJ[Ljava/lang/Object;Ljava/lang/Thread;Ljava/lang/String;Ljava/lang/String;Ljava/lang/String;ZLjava/lang/String;)V
   L3
   FRAME SAME1 java/lang/Throwable
    ATHROW
    MAXSTACK = 14
    MAXLOCALS = 2

  // access flags 0x0
  returnVoid(I)V
    TRYCATCHBLOCK L0 L1 L1 java/lang/Throwable
    NEW com/github/kornilova_l/flamegraph/proxy/StartData
    DUP
    INVOKESTATIC java/lang/System.currentTimeMillis ()J
    ACONST_NULL
    INVOKESPECIAL com/github/kornilova_l/flamegraph/proxy/StartData.<init> (J[Ljava/lang/Object;)V
    ASTORE 2
   L0
    GETSTATIC java/lang/System.out : Ljava/io/PrintStream;
    LDC "Hello, world!"
    INVOKEVIRTUAL java/io/PrintStream.println (Ljava/lang/String;)V
    ALOAD 2
    INVOKESTATIC java/lang/System.currentTimeMillis ()J
    INVOKEVIRTUAL com/github/kornilova_l/flamegraph/proxy/StartData.setDuration (J)V
    ALOAD 2
    INVOKEVIRTUAL com/github/kornilova_l/flamegraph/proxy/StartData.getDuration ()J
    LCONST_1
    LCMP
    IFLE L2
    ACONST_NULL
    ALOAD 2
    INVOKEVIRTUAL com/github/kornilova_l/flamegraph/proxy/StartData.getStartTime ()J
    ALOAD 2
    INVOKEVIRTUAL com/github/kornilova_l/flamegraph/proxy/StartData.getDuration ()J
    ALOAD 2
    INVOKEVIRTUAL com/github/kornilova_l/flamegraph/proxy/StartData.getParameters ()[Ljava/lang/Object;
    INVOKESTATIC java/lang/Thread.currentThread ()Ljava/lang/Thread;
    LDC "com/github/kornilova_l/flamegraph/javaagent/generate/test_classes/SaveReturnValue"
    LDC "returnVoid"
    LDC "(I)V"
    ICONST_0
    LDC ""
    INVOKESTATIC com/github/kornilova_l/flamegraph/javaagent/logger/LoggerQueue.addToQueue (Ljava/lang/Object;JJ[Ljava/lang/Object;Ljava/lang/Thread;Ljava/lang/String;Ljava/lang/String;Ljava/lang/String;ZLjava/lang/String;)V
   L2
   FRAME APPEND [com/github/kornilova_l/flamegraph/proxy/StartData]
    RETURN
   L1
   FRAME SAME1 java/lang/Throwable
    ALOAD 2
    INVOKEVIRTUAL com/github/kornilova_l/flamegraph/proxy/StartData.isThrownByMethod ()Z
    IFNE L3
    ALOAD 2
    INVOKESTATIC java/lang/System.currentTimeMillis ()J
    INVOKEVIRTUAL com/github/kornilova_l/flamegraph/proxy/StartData.setDuration (J)V
    ALOAD 2
    INVOKEVIRTUAL com/github/kornilova_l/flamegraph/proxy/StartData.getDuration ()J
    LCONST_1
    LCMP
    IFLE L3
    DUP
    ICONST_1
    ALOAD 2
    INVOKEVIRTUAL com/github/kornilova_l/flamegraph/proxy/StartData.getStartTime ()J
    ALOAD 2
    INVOKEVIRTUAL com/github/kornilova_l/flamegraph/proxy/StartData.getDuration ()J
    ALOAD 2
    INVOKEVIRTUAL com/github/kornilova_l/flamegraph/proxy/StartData.getParameters ()[Ljava/lang/Object;
    INVOKESTATIC java/lang/Thread.currentThread ()Ljava/lang/Thread;
    LDC "com/github/kornilova_l/flamegraph/javaagent/generate/test_classes/SaveReturnValue"
    LDC "returnVoid"
    LDC "(I)V"
    ICONST_0
    LDC ""
    INVOKESTATIC com/github/kornilova_l/flamegraph/javaagent/logger/LoggerQueue.addToQueue (Ljava/lang/Throwable;ZJJ[Ljava/lang/Object;Ljava/lang/Thread;Ljava/lang/String;Ljava/lang/String;Ljava/lang/String;ZLjava/lang/String;)V
   L3
   FRAME SAME1 java/lang/Throwable
    ATHROW
    MAXSTACK = 14
    MAXLOCALS = 3

  // access flags 0x0
  returnString()Ljava/lang/String;
    TRYCATCHBLOCK L0 L1 L1 java/lang/Throwable
    NEW com/github/kornilova_l/flamegraph/proxy/StartData
    DUP
    INVOKESTATIC java/lang/System.currentTimeMillis ()J
    ACONST_NULL
    INVOKESPECIAL com/github/kornilova_l/flamegraph/proxy/StartData.<init> (J[Ljava/lang/Object;)V
    ASTORE 1
   L0
    GETSTATIC java/lang/System.out : Ljava/io/PrintStream;
    LDC "Hello, world!"
    INVOKEVIRTUAL java/io/PrintStream.println (Ljava/lang/String;)V
    LDC "hello"
    ASTORE 2
    ALOAD 2
    ALOAD 1
    INVOKESTATIC java/lang/System.currentTimeMillis ()J
    INVOKEVIRTUAL com/github/kornilova_l/flamegraph/proxy/StartData.setDuration (J)V
    ALOAD 1
    INVOKEVIRTUAL com/github/kornilova_l/flamegraph/proxy/StartData.getDuration ()J
    LCONST_1
    LCMP
    IFLE L2
    DUP
    ALOAD 1
    INVOKEVIRTUAL com/github/kornilova_l/flamegraph/proxy/StartData.getStartTime ()J
    ALOAD 1
    INVOKEVIRTUAL com/github/kornilova_l/flamegraph/proxy/StartData.getDuration ()J
    ALOAD 1
    INVOKEVIRTUAL com/github/kornilova_l/flamegraph/proxy/StartData.getParameters ()[Ljava/lang/Object;
    INVOKESTATIC java/lang/Thread.currentThread ()Ljava/lang/Thread;
    LDC "com/github/kornilova_l/flamegraph/javaagent/generate/test_classes/SaveReturnValue"
    LDC "returnString"
    LDC "()Ljava/lang/String;"
    ICONST_0
    LDC ""
    INVOKESTATIC com/github/kornilova_l/flamegraph/javaagent/logger/LoggerQueue.addToQueue (Ljava/lang/Object;JJ[Ljava/lang/Object;Ljava/lang/Thread;Ljava/lang/String;Ljava/lang/String;Ljava/lang/String;ZLjava/lang/String;)V
   L2
   FRAME FULL [com/github/kornilova_l/flamegraph/javaagent/generate/test_classes/SaveReturnValue com/github/kornilova_l/flamegraph/proxy/StartData java/lang/String] [java/lang/String]
    ARETURN
   L1
   FRAME FULL [com/github/kornilova_l/flamegraph/javaagent/generate/test_classes/SaveReturnValue com/github/kornilova_l/flamegraph/proxy/StartData] [java/lang/Throwable]
    ALOAD 1
    INVOKEVIRTUAL com/github/kornilova_l/flamegraph/proxy/StartData.isThrownByMethod ()Z
    IFNE L3
    ALOAD 1
    INVOKESTATIC java/lang/System.currentTimeMillis ()J
    INVOKEVIRTUAL com/github/kornilova_l/flamegraph/proxy/StartData.setDuration (J)V
    ALOAD 1
    INVOKEVIRTUAL com/github/kornilova_l/flamegraph/proxy/StartData.getDuration ()J
    LCONST_1
    LCMP
    IFLE L3
    DUP
    ICONST_1
    ALOAD 1
    INVOKEVIRTUAL com/github/kornilova_l/flamegraph/proxy/StartData.getStartTime ()J
    ALOAD 1
    INVOKEVIRTUAL com/github/kornilova_l/flamegraph/proxy/StartData.getDuration ()J
    ALOAD 1
    INVOKEVIRTUAL com/github/kornilova_l/flamegraph/proxy/StartData.getParameters ()[Ljava/lang/Object;
    INVOKESTATIC java/lang/Thread.currentThread ()Ljava/lang/Thread;
    LDC "com/github/kornilova_l/flamegraph/javaagent/generate/test_classes/SaveReturnValue"
    LDC "returnString"
    LDC "()Ljava/lang/String;"
    ICONST_0
    LDC ""
    INVOKESTATIC com/github/kornilova_l/flamegraph/javaagent/logger/LoggerQueue.addToQueue (Ljava/lang/Throwable;ZJJ[Ljava/lang/Object;Ljava/lang/Thread;Ljava/lang/String;Ljava/lang/String;Ljava/lang/String;ZLjava/lang/String;)V
   L3
   FRAME SAME1 java/lang/Throwable
    ATHROW
    MAXSTACK = 14
    MAXLOCALS = 3

  // access flags 0x0
  returnLong()J
    TRYCATCHBLOCK L0 L1 L1 java/lang/Throwable
    NEW com/github/kornilova_l/flamegraph/proxy/StartData
    DUP
    INVOKESTATIC java/lang/System.currentTimeMillis ()J
    ACONST_NULL
    INVOKESPECIAL com/github/kornilova_l/flamegraph/proxy/StartData.<init> (J[Ljava/lang/Object;)V
    ASTORE 1
   L0
    GETSTATIC java/lang/System.out : Ljava/io/PrintStream;
    LDC "Hello, world!"
    INVOKEVIRTUAL java/io/PrintStream.println (Ljava/lang/String;)V
    LDC 32
    ALOAD 1
    INVOKESTATIC java/lang/System.currentTimeMillis ()J
    INVOKEVIRTUAL com/github/kornilova_l/flamegraph/proxy/StartData.setDuration (J)V
    ALOAD 1
    INVOKEVIRTUAL com/github/kornilova_l/flamegraph/proxy/StartData.getDuration ()J
    LCONST_1
    LCMP
    IFLE L2
    DUP2
    INVOKESTATIC java/lang/Long.valueOf (J)Ljava/lang/Long;
    ALOAD 1
    INVOKEVIRTUAL com/github/kornilova_l/flamegraph/proxy/StartData.getStartTime ()J
    ALOAD 1
    INVOKEVIRTUAL com/github/kornilova_l/flamegraph/proxy/StartData.getDuration ()J
    ALOAD 1
    INVOKEVIRTUAL com/github/kornilova_l/flamegraph/proxy/StartData.getParameters ()[Ljava/lang/Object;
    INVOKESTATIC java/lang/Thread.currentThread ()Ljava/lang/Thread;
    LDC "com/github/kornilova_l/flamegraph/javaagent/generate/test_classes/SaveReturnValue"
    LDC "returnLong"
    LDC "()J"
    ICONST_0
    LDC ""
    INVOKESTATIC com/github/kornilova_l/flamegraph/javaagent/logger/LoggerQueue.addToQueue (Ljava/lang/Object;JJ[Ljava/lang/Object;Ljava/lang/Thread;Ljava/lang/String;Ljava/lang/String;Ljava/lang/String;ZLjava/lang/String;)V
   L2
   FRAME FULL [com/github/kornilova_l/flamegraph/javaagent/generate/test_classes/SaveReturnValue com/github/kornilova_l/flamegraph/proxy/StartData] [J]
    LRETURN
   L1
   FRAME SAME1 java/lang/Throwable
    ALOAD 1
    INVOKEVIRTUAL com/github/kornilova_l/flamegraph/proxy/StartData.isThrownByMethod ()Z
    IFNE L3
    ALOAD 1
    INVOKESTATIC java/lang/System.currentTimeMillis ()J
    INVOKEVIRTUAL com/github/kornilova_l/flamegraph/proxy/StartData.setDuration (J)V
    ALOAD 1
    INVOKEVIRTUAL com/github/kornilova_l/flamegraph/proxy/StartData.getDuration ()J
    LCONST_1
    LCMP
    IFLE L3
    DUP
    ICONST_1
    ALOAD 1
    INVOKEVIRTUAL com/github/kornilova_l/flamegraph/proxy/StartData.getStartTime ()J
    ALOAD 1
    INVOKEVIRTUAL com/github/kornilova_l/flamegraph/proxy/StartData.getDuration ()J
    ALOAD 1
    INVOKEVIRTUAL com/github/kornilova_l/flamegraph/proxy/StartData.getParameters ()[Ljava/lang/Object;
    INVOKESTATIC java/lang/Thread.currentThread ()Ljava/lang/Thread;
    LDC "com/github/kornilova_l/flamegraph/javaagent/generate/test_classes/SaveReturnValue"
    LDC "returnLong"
    LDC "()J"
    ICONST_0
    LDC ""
    INVOKESTATIC com/github/kornilova_l/flamegraph/javaagent/logger/LoggerQueue.addToQueue (Ljava/lang/Throwable;ZJJ[Ljava/lang/Object;Ljava/lang/Thread;Ljava/lang/String;Ljava/lang/String;Ljava/lang/String;ZLjava/lang/String;)V
   L3
   FRAME SAME1 java/lang/Throwable
    ATHROW
    MAXSTACK = 14
    MAXLOCALS = 2
}
