// class version 52.0 (52)
// access flags 0x21
public class com/github/kornilova_l/flamegraph/javaagent/generate/test_classes/SeveralReturns {


  // access flags 0x1
  public <init>()V
    ALOAD 0
    INVOKESPECIAL java/lang/Object.<init> ()V
    RETURN
    MAXSTACK = 1
    MAXLOCALS = 1

  // access flags 0x0
  returnString()Ljava/lang/String;
    TRYCATCHBLOCK L0 L1 L1 java/lang/Throwable
    INVOKESTATIC java/lang/System.currentTimeMillis ()J
    ACONST_NULL
    INVOKESTATIC com/github/kornilova_l/flamegraph/javaagent/logger/LoggerQueue.createStartData (J[Ljava/lang/Object;)Lcom/github/kornilova_l/flamegraph/javaagent/logger/event_data_storage/StartData;
    ASTORE 1
   L0
    NEW java/util/Random
    DUP
    INVOKESTATIC java/lang/System.currentTimeMillis ()J
    INVOKESPECIAL java/util/Random.<init> (J)V
    ASTORE 2
    ALOAD 2
    INVOKEVIRTUAL java/util/Random.nextBoolean ()Z
    IFEQ L2
    LDC "Hello"
    ALOAD 1
    INVOKESTATIC java/lang/System.currentTimeMillis ()J
    INVOKEVIRTUAL com/github/kornilova_l/flamegraph/javaagent/logger/event_data_storage/StartData.setDuration (J)V
    ALOAD 1
    INVOKEVIRTUAL com/github/kornilova_l/flamegraph/javaagent/logger/event_data_storage/StartData.getDuration ()J
    LCONST_1
    LCMP
    IFLE L3
    ACONST_NULL
    ALOAD 1
    INVOKESTATIC java/lang/Thread.currentThread ()Ljava/lang/Thread;
    LDC "com/github/kornilova_l/flamegraph/javaagent/generate/test_classes/SeveralReturns"
    LDC "returnString"
    LDC "()Ljava/lang/String;"
    ICONST_0
    INVOKESTATIC com/github/kornilova_l/flamegraph/javaagent/logger/LoggerQueue.addToQueue (Ljava/lang/Object;Lcom/github/kornilova_l/flamegraph/javaagent/logger/event_data_storage/StartData;Ljava/lang/Thread;Ljava/lang/String;Ljava/lang/String;Ljava/lang/String;Z)V
   L3
   FRAME FULL [com/github/kornilova_l/flamegraph/javaagent/generate/test_classes/SeveralReturns com/github/kornilova_l/flamegraph/javaagent/logger/event_data_storage/StartData java/util/Random] [java/lang/String]
    ARETURN
   L2
   FRAME SAME
    ALOAD 2
    INVOKEVIRTUAL java/util/Random.nextBoolean ()Z
    IFNE L4
    ACONST_NULL
    ALOAD 1
    INVOKESTATIC java/lang/System.currentTimeMillis ()J
    INVOKEVIRTUAL com/github/kornilova_l/flamegraph/javaagent/logger/event_data_storage/StartData.setDuration (J)V
    ALOAD 1
    INVOKEVIRTUAL com/github/kornilova_l/flamegraph/javaagent/logger/event_data_storage/StartData.getDuration ()J
    LCONST_1
    LCMP
    IFLE L5
    ACONST_NULL
    ALOAD 1
    INVOKESTATIC java/lang/Thread.currentThread ()Ljava/lang/Thread;
    LDC "com/github/kornilova_l/flamegraph/javaagent/generate/test_classes/SeveralReturns"
    LDC "returnString"
    LDC "()Ljava/lang/String;"
    ICONST_0
    INVOKESTATIC com/github/kornilova_l/flamegraph/javaagent/logger/LoggerQueue.addToQueue (Ljava/lang/Object;Lcom/github/kornilova_l/flamegraph/javaagent/logger/event_data_storage/StartData;Ljava/lang/Thread;Ljava/lang/String;Ljava/lang/String;Ljava/lang/String;Z)V
   L5
   FRAME SAME1 N
    ARETURN
   L4
   FRAME SAME
    LDC "Lucinda"
    ALOAD 1
    INVOKESTATIC java/lang/System.currentTimeMillis ()J
    INVOKEVIRTUAL com/github/kornilova_l/flamegraph/javaagent/logger/event_data_storage/StartData.setDuration (J)V
    ALOAD 1
    INVOKEVIRTUAL com/github/kornilova_l/flamegraph/javaagent/logger/event_data_storage/StartData.getDuration ()J
    LCONST_1
    LCMP
    IFLE L6
    ACONST_NULL
    ALOAD 1
    INVOKESTATIC java/lang/Thread.currentThread ()Ljava/lang/Thread;
    LDC "com/github/kornilova_l/flamegraph/javaagent/generate/test_classes/SeveralReturns"
    LDC "returnString"
    LDC "()Ljava/lang/String;"
    ICONST_0
    INVOKESTATIC com/github/kornilova_l/flamegraph/javaagent/logger/LoggerQueue.addToQueue (Ljava/lang/Object;Lcom/github/kornilova_l/flamegraph/javaagent/logger/event_data_storage/StartData;Ljava/lang/Thread;Ljava/lang/String;Ljava/lang/String;Ljava/lang/String;Z)V
   L6
   FRAME SAME1 java/lang/String
    ARETURN
   L1
   FRAME FULL [com/github/kornilova_l/flamegraph/javaagent/generate/test_classes/SeveralReturns com/github/kornilova_l/flamegraph/javaagent/logger/event_data_storage/StartData] [java/lang/Throwable]
    ALOAD 1
    INVOKEVIRTUAL com/github/kornilova_l/flamegraph/javaagent/logger/event_data_storage/StartData.isThrownByMethod ()Z
    IFNE L7
    ALOAD 1
    INVOKESTATIC java/lang/System.currentTimeMillis ()J
    INVOKEVIRTUAL com/github/kornilova_l/flamegraph/javaagent/logger/event_data_storage/StartData.setDuration (J)V
    ALOAD 1
    INVOKEVIRTUAL com/github/kornilova_l/flamegraph/javaagent/logger/event_data_storage/StartData.getDuration ()J
    LCONST_1
    LCMP
    IFLE L7
    ACONST_NULL
    ALOAD 1
    INVOKESTATIC java/lang/Thread.currentThread ()Ljava/lang/Thread;
    LDC "com/github/kornilova_l/flamegraph/javaagent/generate/test_classes/SeveralReturns"
    LDC "returnString"
    LDC "()Ljava/lang/String;"
    ICONST_0
    SWAP
    INVOKESTATIC com/github/kornilova_l/flamegraph/javaagent/logger/LoggerQueue.addToQueue (Ljava/lang/Throwable;Lcom/github/kornilova_l/flamegraph/javaagent/logger/event_data_storage/StartData;Ljava/lang/Thread;Ljava/lang/String;Ljava/lang/String;ZLjava/lang/String;)V
   L7
   FRAME SAME1 java/lang/Throwable
    ATHROW
    MAXSTACK = 8
    MAXLOCALS = 3
}
