tree_info {
  nodes_count: 1
}
base_node {
  nodes {
    width: 20
    node_info {
      method_name: "run"
      class_name: "com.github.kornilova_l.flamegraph.plugin.server.trees.generate_test_data.MyTask"
      description: "()void"
    }
  }
}
depth: 1
width: 20
