tree_info {
  nodes_count: 2
}
base_node {
  nodes {
    width: 100
    node_info {
      method_name: "fun1"
      class_name: "ClassWithoutPackage"
      description: "()void"
    }
    nodes {
      width: 100
      node_info {
        method_name: "fun2"
        class_name: "ClassWithoutPackage"
        description: "()void"
      }
    }
  }
}
depth: 2
width: 100
